// Jest Snapshot v1, https://goo.gl/fbAQLP

exports[`ForecastDetails renders correctly 1`] = `
<DocumentFragment>
  <div
    class="forecast-details"
  >
    <div
      class="forecast-details__date"
    >
      Thu Jan 01 1970
    </div>
    <div
      class="forecast-details__min-temp"
    >
      <strong>
        Min temperature:
      </strong>
       12 °C
    </div>
    <div
      class="forecast-details__max-temp"
    >
      <strong>
        Max temperature:
      </strong>
       22 °C
    </div>
    <div
      class="forecast-details__humidity"
    >
      <strong>
        Humidity:
      </strong>
       15 %
    </div>
    <div
      class="forecast-details__wind"
    >
      <strong>
        Wind speed:
      </strong>
       10 mph
    </div>
  </div>
</DocumentFragment>
`;
